// Jest Snapshot v1, https://goo.gl/fbAQLP

exports[`Test in Episode Item episode item should match with snapshot 1`] = `<div />`;
